Microchip MPLAB XC8 Compiler V2.10 ()

Linker command line:

-W-3 --edf=C:\Program Files (x86)\Microchip\xc8\v2.10\pic\dat\en_msgs.txt \
  -cs -h+dist/default/production\Lab2020.X.production.sym \
  --cmf=dist/default/production\Lab2020.X.production.cmf -z -Q16F886 \
  -oC:\Users\bruno\AppData\Local\Temp\sv8o.2 --defsym=__MPLAB_BUILD=1 \
  -Mdist/default/production/Lab2020.X.production.map -E1 -ver=XC8 \
  --acfsm=1493 -ASTACK=0110h-016Fh -pstack=STACK -ACODE=00h-07FFhx4 \
  -ASTRCODE=00h-01FFFh -ASTRING=00h-0FFhx32 -ACONST=00h-0FFhx32 \
  -AENTRY=00h-0FFhx32 -ACOMMON=070h-07Fh -ABANK0=020h-06Fh \
  -ABANK1=0A0h-0EFh -ABANK2=0110h-016Fh -ABANK3=0190h-01EFh \
  -ARAM=020h-06Fh,0A0h-0EFh,0110h-016Fh,0190h-01EFh \
  -AABS1=020h-07Fh,0A0h-0EFh,0110h-016Fh,0190h-01EFh -ASFR0=00h-01Fh \
  -ASFR1=080h-09Fh -ASFR2=0100h-010Fh -ASFR3=0180h-018Fh \
  -preset_vec=00h,intentry=04h,init,end_init -ppowerup=CODE -pcinit=CODE \
  -pfunctab=ENTRY -ACONFIG=02007h-02008h -pconfig=CONFIG -DCONFIG=2 \
  -AIDLOC=02000h-02003h -pidloc=IDLOC -DIDLOC=2 -AEEDATA=00h-0FFh/02100h \
  -peeprom_data=EEDATA -DEEDATA=2 -DCODE=2 -DSTRCODE=2 -DSTRING=2 -DCONST=2 \
  -DENTRY=2 -k C:\Users\bruno\AppData\Local\Temp\sv8o.o \
  dist/default/production\Lab2020.X.production.o 

Object code version is 3.11

Machine type is 16F886



                Name                               Link     Load   Length Selector   Space Scale
C:\Users\bruno\AppData\Local\Temp\sv8o.o
                end_init                              C        C        3        8       0
                reset_vec                             0        0        3        0       0
                config                             2007     2007        2     400E       0
dist/default/production\Lab2020.X.production.o
                cinit                                 F        F        C        8       0
                intentry                              4        4        8        8       0
                eeprom_data                           0     2100       10     4200       3
                text8                               219      219       17        8       0
                text7                               1BE      1BE       20        8       0
                text6                               1FD      1FD       1C        8       0
                text5                               1DE      1DE       1F        8       0
                text4                               23E      23E        D        8       0
                text3                               187      187       37        8       0
                text2                                F6       F6       91        8       0
                text1                               230      230        E        8       0
                maintext                             1B       1B       DB        8       0
                cstackBANK0                          20       20       11       20       1
                cstackCOMMON                         70       70        9       70       1
                bssBANK0                             31       31        1       20       1
                dataCOMMON                           7A       7A        1       70       1
                bitbssCOMMON                        3C8       79        1       70       1     8
                idataCOMMON                         24B      24B        1        8       0

TOTAL           Name                               Link     Load   Length     Space
        CLASS   STACK          

        CLASS   CODE           
                end_init                              C        C        3         0
                cinit                                 F        F        C         0
                intentry                              4        4        8         0
                reset_vec                             0        0        3         0
                text8                               219      219       17         0
                text7                               1BE      1BE       20         0
                text6                               1FD      1FD       1C         0
                text5                               1DE      1DE       1F         0
                text4                               23E      23E        D         0
                text3                               187      187       37         0
                text2                                F6       F6       91         0
                text1                               230      230        E         0
                maintext                             1B       1B       DB         0
                idataCOMMON                         24B      24B        1         0

        CLASS   STRCODE        

        CLASS   STRING         

        CLASS   CONST          

        CLASS   ENTRY          

        CLASS   COMMON         
                cstackCOMMON                         70       70        9         1
                dataCOMMON                           7A       7A        1         1
                bitbssCOMMON                        3C8       79        1         1

        CLASS   BANK0          
                cstackBANK0                          20       20       11         1
                bssBANK0                             31       31        1         1

        CLASS   BANK1          

        CLASS   BANK2          

        CLASS   BANK3          

        CLASS   RAM            

        CLASS   ABS1           
                abs_s1                               7E       7E        2         1

        CLASS   SFR0           

        CLASS   SFR1           

        CLASS   SFR2           

        CLASS   SFR3           

        CLASS   CONFIG         
                config                             2007     2007        2         0

        CLASS   IDLOC          

        CLASS   EEDATA         
                eeprom_data                           0     2100       10         3



SEGMENTS        Name                           Load    Length   Top    Selector   Space  Class     Delta

                reset_vec                      000000  000003  000003         0       0  CODE        2
                intentry                       000004  000248  00024C         8       0  CODE        2
                cstackBANK0                    000020  000012  000032        20       1  BANK0       1
                cstackCOMMON                   000070  00000B  00007B        70       1  COMMON      1
                config                         002007  000002  002009      400E       0  CONFIG      2
                eeprom_data                    002100  000010  002110      4200       3  EEDATA      2


UNUSED ADDRESS RANGES

        Name                Unused          Largest block    Delta
        BANK0            00032-0006F              3E           1
        BANK1            000A0-000EF              50           1
        BANK2            00110-0016F              60           1
        BANK3            00190-001EF              60           1
        CODE             00003-00003               1           2
                         0024C-01FFF             800
        COMMON           0007B-0007D               3           1
        CONST            00003-00003               1           2
                         0024C-01FFF             100
        EEDATA           02110-021FF              F0           2
        ENTRY            00003-00003               1           2
                         0024C-01FFF             100
        IDLOC            02000-02003               4           2
        RAM              00032-0006F              3E           1
                         000A0-000EF              50
                         00110-0016F              60
                         00190-001EF              60
        SFR0             00000-0001F              20           1
        SFR1             00080-0009F              20           1
        SFR2             00100-0010F              10           1
        SFR3             00180-0018F              10           1
        STACK            00110-0016F              60           1
        STRCODE          00003-00003               1           2
                         0024C-01FFF            1DB4
        STRING           00003-00003               1           2
                         0024C-01FFF             100

                                  Symbol Table

_ADCS0                   (abs)        000FE
_ADCS1                   (abs)        000FF
_ADFM                    (abs)        004FF
_ADIE                    (abs)        00466
_ADIF                    (abs)        00066
_ADON                    (abs)        000F8
_ADRESH                  (abs)        0001E
_ADRESL                  (abs)        0009E
_ANS0                    (abs)        00C40
_ANS12                   (abs)        00C4C
_ANS13                   (abs)        00C4D
_ANS2                    (abs)        00C42
_ANS3                    (abs)        00C43
_ANS8                    (abs)        00C48
_EEADR                   (abs)        0010D
_EECON1                  (abs)        0018C
_EECON1bits              (abs)        0018C
_EECON2                  (abs)        0018D
_EEDATA                  (abs)        0010C
_GO_DONE                 (abs)        000F9
_INTCONbits              (abs)        0000B
_IOCB6                   (abs)        004B6
_OPTION_REGbits          (abs)        00081
_PORTA                   (abs)        00005
_PORTB                   (abs)        00006
_PORTC                   (abs)        00007
_PSA                     (abs)        0040B
_RA0                     (abs)        00028
_RA1                     (abs)        00029
_RA2                     (abs)        0002A
_RA3                     (abs)        0002B
_RA4                     (abs)        0002C
_RB0                     (abs)        00030
_RB1                     (abs)        00031
_RB2                     (abs)        00032
_RB5                     (abs)        00035
_RB7                     (abs)        00037
_RBIE                    (abs)        0005B
_RC0                     (abs)        00038
_RC3                     (abs)        0003B
_RC4                     (abs)        0003C
_RC5                     (abs)        0003D
_STATUSbits              (abs)        00003
_T0CS                    (abs)        0040D
_T0IE                    (abs)        0005D
_T0IF                    (abs)        0005A
_TMR0                    (abs)        00001
_TRISA                   (abs)        00085
_TRISA0                  (abs)        00428
_TRISA2                  (abs)        0042A
_TRISA3                  (abs)        0042B
_TRISA4                  (abs)        0042C
_TRISB                   (abs)        00086
_TRISB0                  (abs)        00430
_TRISB1                  (abs)        00431
_TRISB2                  (abs)        00432
_TRISB5                  (abs)        00435
_TRISB6                  (abs)        00436
_TRISB7                  (abs)        00437
_TRISC                   (abs)        00087
_VCFG0                   (abs)        004FC
_VCFG1                   (abs)        004FD
_WPUB6                   (abs)        004AE
__Babs1                  abs1         04220
__Bbank0                 bank0        04220
__Bbank1                 bank1        04220
__Bbank2                 bank2        04220
__Bbank3                 bank3        04220
__BbitbssCOMMON          bitbssCOMMON 04220
__BbssBANK0              bssBANK0     04220
__Bclrtext               clrtext      04220
__Bcode                  code         04220
__Bcommon                common       04220
__BcstackBANK0           cstackBANK0  04220
__BcstackCOMMON          cstackCOMMON 04220
__BdataCOMMON            dataCOMMON   04220
__Beeprom_data           eeprom_data  02100
__Bmaintext              maintext     04220
__Bram                   ram          04220
__Bsfr0                  sfr0         04220
__Bsfr1                  sfr1         04220
__Bsfr2                  sfr2         04220
__Bsfr3                  sfr3         04220
__Bstrings               strings      04220
__Btext                  text         04220
__CFG_BOR4V$BOR40V       (abs)        00000
__CFG_BOREN$ON           (abs)        00000
__CFG_CP$OFF             (abs)        00000
__CFG_CPD$OFF            (abs)        00000
__CFG_FCMEN$ON           (abs)        00000
__CFG_FOSC$EC            (abs)        00000
__CFG_IESO$ON            (abs)        00000
__CFG_LVP$OFF            (abs)        00000
__CFG_MCLRE$ON           (abs)        00000
__CFG_PWRTE$OFF          (abs)        00000
__CFG_WDTE$OFF           (abs)        00000
__CFG_WRT$OFF            (abs)        00000
__Habs1                  abs1         00020
__Hbank0                 bank0        00020
__Hbank1                 bank1        00020
__Hbank2                 bank2        00020
__Hbank3                 bank3        00020
__HbitbssCOMMON          bitbssCOMMON 21100
__HbssBANK0              bssBANK0     00020
__Hcinit                 cinit        0001B
__Hclrtext               clrtext      00020
__Hcode                  code         00020
__Hcommon                common       00020
__Hconfig                config       02009
__HcstackBANK0           cstackBANK0  00020
__HcstackCOMMON          cstackCOMMON 00020
__HdataCOMMON            dataCOMMON   00020
__Heeprom_data           eeprom_data  00010
__Hend_init              end_init     0000F
__Hfunctab               functab      00000
__HidataCOMMON           idataCOMMON  04220
__Hidloc                 idloc        00000
__Hinit                  init         0000C
__Hintentry              intentry     0000C
__Hmaintext              maintext     00020
__Hpowerup               powerup      00000
__Hram                   ram          00020
__Hreset_vec             reset_vec    00003
__Hsfr0                  sfr0         00020
__Hsfr1                  sfr1         00020
__Hsfr2                  sfr2         00020
__Hsfr3                  sfr3         00020
__Hspace_0               (abs)        21100
__Hspace_1               (abs)        003C9
__Hspace_2               (abs)        00000
__Hspace_3               (abs)        00010
__Hstack                 stack        00000
__Hstrings               strings      00020
__Htext                  text         00020
__Labs1                  abs1         00020
__Lbank0                 bank0        00020
__Lbank1                 bank1        00020
__Lbank2                 bank2        00020
__Lbank3                 bank3        00020
__LbitbssCOMMON          bitbssCOMMON 21100
__LbssBANK0              bssBANK0     00020
__Lcinit                 cinit        0000F
__Lclrtext               clrtext      00020
__Lcode                  code         00020
__Lcommon                common       00020
__Lconfig                config       02007
__LcstackBANK0           cstackBANK0  00020
__LcstackCOMMON          cstackCOMMON 00020
__LdataCOMMON            dataCOMMON   00020
__Leeprom_data           eeprom_data  00000
__Lend_init              end_init     0000C
__Lfunctab               functab      00000
__LidataCOMMON           idataCOMMON  04220
__Lidloc                 idloc        00000
__Linit                  init         0000C
__Lintentry              intentry     00004
__Lmaintext              maintext     00020
__Lpowerup               powerup      00000
__Lram                   ram          00020
__Lreset_vec             reset_vec    00000
__Lsfr0                  sfr0         00020
__Lsfr1                  sfr1         00020
__Lsfr2                  sfr2         00020
__Lsfr3                  sfr3         00020
__Lspace_0               (abs)        00000
__Lspace_1               (abs)        00000
__Lspace_2               (abs)        00000
__Lspace_3               (abs)        00000
__Lstack                 stack        00000
__Lstrings               strings      00020
__Ltext                  text         00020
__S0                     (abs)        02009
__S1                     (abs)        0007B
__S2                     (abs)        00000
__S3                     (abs)        02110
___int_sp                stack        00000
___latbits               (abs)        00002
___sp                    stack        00000
___stackhi               (abs)        00000
___stacklo               (abs)        00000
__end_of__initialization cinit        00017
__end_of_display         text4        0024B
__end_of_eeprom_read     text5        001FD
__end_of_eeprom_write    text3        001BE
__end_of_isr             text6        00219
__end_of_keypad_init     text2        00187
__end_of_keypad_read     text7        001DE
__end_of_main            maintext     000F6
__end_of_t0_init         text1        0023E
__end_ofi1_eeprom_read   text8        00230
__initialization         cinit        0000F
__pbitbssCOMMON          bitbssCOMMON 003C8
__pbssBANK0              bssBANK0     00031
__pcstackBANK0           cstackBANK0  00020
__pcstackCOMMON          cstackCOMMON 00070
__pdataCOMMON            dataCOMMON   0007A
__pidataCOMMON           idataCOMMON  0024B
__pintentry              intentry     00004
__pmaintext              maintext     0001B
__ptext1                 text1        00230
__ptext2                 text2        000F6
__ptext3                 text3        00187
__ptext4                 text4        0023E
__ptext5                 text5        001DE
__ptext6                 text6        001FD
__ptext7                 text7        001BE
__ptext8                 text8        00219
__size_of_display        (abs)        00000
__size_of_eeprom_read    (abs)        00000
__size_of_eeprom_write   (abs)        00000
__size_of_isr            (abs)        00000
__size_of_keypad_init    (abs)        00000
__size_of_keypad_read    (abs)        00000
__size_of_main           (abs)        00000
__size_of_t0_init        (abs)        00000
__size_ofi1_eeprom_read  (abs)        00000
_display                 text4        0023E
_eeprom_read             text5        001DE
_eeprom_write            text3        00187
_isr                     text6        001FD
_key                     bssBANK0     00031
_keypad_init             text2        000F6
_keypad_read             text7        001BE
_main                    maintext     0001B
_nRBPU                   (abs)        0040F
_swPressed               bitbssCOMMON 003C8
_t0_init                 text1        00230
btemp                    (abs)        0007E
display@num              cstackBANK0  00022
eeprom_read@addr         cstackBANK0  00021
eeprom_write@addr        cstackBANK0  00022
eeprom_write@value       cstackBANK0  00020
end_of_initialization    cinit        00017
i1_eeprom_read           text8        00219
i1eeprom_read@addr       cstackCOMMON 00071
interrupt_function       intentry     00004
intlevel0                functab      00000
intlevel1                functab      00000
intlevel2                functab      00000
intlevel3                functab      00000
intlevel4                functab      00000
intlevel5                functab      00000
io_sw_read@swOld         dataCOMMON   0007A
keypad_read@var_1        cstackCOMMON 00073
keypad_read@var_2        cstackCOMMON 00074
keypad_read@var_3        cstackCOMMON 00075
main@current_key         cstackBANK0  00030
main@key_int_1           cstackBANK0  0002A
main@key_int_2           cstackBANK0  0002C
main@key_int_3           cstackBANK0  0002E
main@key_int_4           cstackBANK0  00026
main@value               cstackBANK0  00028
reset_vec                reset_vec    00000
saved_w                  (abs)        0007E
start                    init         0000C
start_initialization     cinit        0000F
wtemp0                   (abs)        0007E


FUNCTION INFORMATION:

 *************** function _main *****************
 Defined at:
		line 175 in file "main.c"
 Parameters:    Size  Location     Type
		None
 Auto vars:     Size  Location     Type
  value           2    8[BANK0 ] int 
  key_int_3       2   14[BANK0 ] int 
  key_int_2       2   12[BANK0 ] int 
  key_int_1       2   10[BANK0 ] int 
  key_int_4       2    6[BANK0 ] int 
  current_key     1   16[BANK0 ] unsigned char 
 Return value:  Size  Location     Type
                  1    wreg      void 
 Registers used:
		wreg, status,2, status,0, btemp+1, pclath, cstack
 Tracked objects:
		On entry : 
		On exit  : 
		Unchanged: 
 Data sizes:     COMMON   BANK0   BANK1   BANK3   BANK2
      Params:         0       0       0       0       0
      Locals:         0      11       0       0       0
      Temps:          0       2       0       0       0
      Totals:         0      13       0       0       0
Total ram usage:       13 bytes
 Hardware stack levels required when called:    5
 This function calls:
		_display
		_keypad_init
		_t0_init
 This function is called by:
		Startup code after reset
 This function uses a non-reentrant model


 *************** function _t0_init *****************
 Defined at:
		line 105 in file "main.c"
 Parameters:    Size  Location     Type
		None
 Auto vars:     Size  Location     Type
		None
 Return value:  Size  Location     Type
                  1    wreg      void 
 Registers used:
		wreg, status,2, status,0
 Tracked objects:
		On entry : 
		On exit  : 
		Unchanged: 
 Data sizes:     COMMON   BANK0   BANK1   BANK3   BANK2
      Params:         0       0       0       0       0
      Locals:         0       0       0       0       0
      Temps:          0       0       0       0       0
      Totals:         0       0       0       0       0
Total ram usage:        0 bytes
 Hardware stack levels used:    1
 Hardware stack levels required when called:    3
 This function calls:
		Nothing
 This function is called by:
		_main
 This function uses a non-reentrant model


 *************** function _keypad_init *****************
 Defined at:
		line 45 in file "main.c"
 Parameters:    Size  Location     Type
		None
 Auto vars:     Size  Location     Type
		None
 Return value:  Size  Location     Type
                  1    wreg      void 
 Registers used:
		wreg, status,2, status,0, pclath, cstack
 Tracked objects:
		On entry : 
		On exit  : 
		Unchanged: 
 Data sizes:     COMMON   BANK0   BANK1   BANK3   BANK2
      Params:         0       0       0       0       0
      Locals:         0       0       0       0       0
      Temps:          0       1       0       0       0
      Totals:         0       1       0       0       0
Total ram usage:        1 bytes
 Hardware stack levels used:    1
 Hardware stack levels required when called:    4
 This function calls:
		_eeprom_write
 This function is called by:
		_main
 This function uses a non-reentrant model


 *************** function _eeprom_write *****************
 Defined at:
		line 6 in file "C:\Program Files (x86)\Microchip\xc8\v2.10\pic\sources\c90\pic\__eewrite.c"
 Parameters:    Size  Location     Type
  addr            1    wreg     unsigned char 
  value           1    0[BANK0 ] unsigned char 
 Auto vars:     Size  Location     Type
  addr            1    2[BANK0 ] unsigned char 
 Return value:  Size  Location     Type
                  1    wreg      void 
 Registers used:
		wreg, status,2, status,0
 Tracked objects:
		On entry : 
		On exit  : 
		Unchanged: 
 Data sizes:     COMMON   BANK0   BANK1   BANK3   BANK2
      Params:         0       1       0       0       0
      Locals:         0       1       0       0       0
      Temps:          0       1       0       0       0
      Totals:         0       3       0       0       0
Total ram usage:        3 bytes
 Hardware stack levels used:    1
 Hardware stack levels required when called:    3
 This function calls:
		Nothing
 This function is called by:
		_keypad_init
 This function uses a non-reentrant model


 *************** function _display *****************
 Defined at:
		line 171 in file "main.c"
 Parameters:    Size  Location     Type
  num             2    2[BANK0 ] short 
 Auto vars:     Size  Location     Type
		None
 Return value:  Size  Location     Type
                  1    wreg      void 
 Registers used:
		wreg, status,2, status,0, pclath, cstack
 Tracked objects:
		On entry : 
		On exit  : 
		Unchanged: 
 Data sizes:     COMMON   BANK0   BANK1   BANK3   BANK2
      Params:         0       2       0       0       0
      Locals:         0       0       0       0       0
      Temps:          0       0       0       0       0
      Totals:         0       2       0       0       0
Total ram usage:        2 bytes
 Hardware stack levels used:    1
 Hardware stack levels required when called:    4
 This function calls:
		_eeprom_read
 This function is called by:
		_main
 This function uses a non-reentrant model


 *************** function _eeprom_read *****************
 Defined at:
		line 6 in file "C:\Program Files (x86)\Microchip\xc8\v2.10\pic\sources\c90\pic\__eeread.c"
 Parameters:    Size  Location     Type
  addr            1    wreg     unsigned char 
 Auto vars:     Size  Location     Type
  addr            1    1[BANK0 ] unsigned char 
 Return value:  Size  Location     Type
                  1    wreg      unsigned char 
 Registers used:
		wreg, status,2, status,0
 Tracked objects:
		On entry : 
		On exit  : 
		Unchanged: 
 Data sizes:     COMMON   BANK0   BANK1   BANK3   BANK2
      Params:         0       0       0       0       0
      Locals:         0       1       0       0       0
      Temps:          0       1       0       0       0
      Totals:         0       2       0       0       0
Total ram usage:        2 bytes
 Hardware stack levels used:    1
 Hardware stack levels required when called:    3
 This function calls:
		Nothing
 This function is called by:
		_display
 This function uses a non-reentrant model


 *************** function _isr *****************
 Defined at:
		line 74 in file "main.c"
 Parameters:    Size  Location     Type
		None
 Auto vars:     Size  Location     Type
		None
 Return value:  Size  Location     Type
                  1    wreg      void 
 Registers used:
		wreg, status,2, status,0, pclath, cstack
 Tracked objects:
		On entry : 
		On exit  : 
		Unchanged: 
 Data sizes:     COMMON   BANK0   BANK1   BANK3   BANK2
      Params:         0       0       0       0       0
      Locals:         0       0       0       0       0
      Temps:          3       0       0       0       0
      Totals:         3       0       0       0       0
Total ram usage:        3 bytes
 Hardware stack levels used:    1
 Hardware stack levels required when called:    2
 This function calls:
		_keypad_read
 This function is called by:
		Interrupt level 1
 This function uses a non-reentrant model


 *************** function _keypad_read *****************
 Defined at:
		line 64 in file "main.c"
 Parameters:    Size  Location     Type
		None
 Auto vars:     Size  Location     Type
  var_3           1    5[COMMON] unsigned char 
  var_2           1    4[COMMON] unsigned char 
  var_1           1    3[COMMON] unsigned char 
 Return value:  Size  Location     Type
                  1    wreg      unsigned char 
 Registers used:
		wreg, status,2, status,0, pclath, cstack
 Tracked objects:
		On entry : 
		On exit  : 
		Unchanged: 
 Data sizes:     COMMON   BANK0   BANK1   BANK3   BANK2
      Params:         0       0       0       0       0
      Locals:         3       0       0       0       0
      Temps:          1       0       0       0       0
      Totals:         4       0       0       0       0
Total ram usage:        4 bytes
 Hardware stack levels used:    1
 Hardware stack levels required when called:    1
 This function calls:
		i1_eeprom_read
 This function is called by:
		_isr
 This function uses a non-reentrant model


 *************** function i1_eeprom_read *****************
 Defined at:
		line 6 in file "C:\Program Files (x86)\Microchip\xc8\v2.10\pic\sources\c90\pic\__eeread.c"
 Parameters:    Size  Location     Type
  addr            1    wreg     unsigned char 
 Auto vars:     Size  Location     Type
  addr            1    1[COMMON] unsigned char 
 Return value:  Size  Location     Type
                  1    wreg      unsigned char 
 Registers used:
		wreg, status,2, status,0
 Tracked objects:
		On entry : 
		On exit  : 
		Unchanged: 
 Data sizes:     COMMON   BANK0   BANK1   BANK3   BANK2
      Params:         0       0       0       0       0
      Locals:         1       0       0       0       0
      Temps:          1       0       0       0       0
      Totals:         2       0       0       0       0
Total ram usage:        2 bytes
 Hardware stack levels used:    1
 This function calls:
		Nothing
 This function is called by:
		_keypad_read
 This function uses a non-reentrant model



MODULE INFORMATION

Module		Function		Class		Link	Load	Size
C:\Program Files (x86)\Microchip\xc8\v2.10\pic\sources\c90\pic\__eeread.c
		_eeprom_read   		CODE           	01DE	0000	32

C:\Program Files (x86)\Microchip\xc8\v2.10\pic\sources\c90\pic\__eeread.c estimated size: 32

C:\Program Files (x86)\Microchip\xc8\v2.10\pic\sources\c90\pic\__eewrite.c
		_eeprom_write  		CODE           	0187	0000	56

C:\Program Files (x86)\Microchip\xc8\v2.10\pic\sources\c90\pic\__eewrite.c estimated size: 56

shared
		__initialization		CODE           	000F	0000	9
		i1_eeprom_read 		CODE           	0219	0000	24

shared estimated size: 33

main.c
		_display       		CODE           	023E	0000	14
		_main          		CODE           	001B	0000	220
		_t0_init       		CODE           	0230	0000	15
		_isr           		CODE           	01FD	0000	29
		_keypad_read   		CODE           	01BE	0000	33
		_keypad_init   		CODE           	00F6	0000	146

main.c estimated size: 457

